// Vitest Snapshot v1, https://vitest.dev/guide/snapshot.html

exports[`betterer cli > should enable automerge configuration 1`] = `
[
  "💥 Initialising Betterer (0ms): 3 tasks done! 1 task errored!
✅ Create test file: done!
・ created "fixtures/init-automerge/.betterer.ts"!
✅ Update package.json: done!
🔥 Enable automerge: ".git" directory not found in "/". \`--automerge\` only works within a Git repository.

Error: ".git" directory not found in "/". \`--automerge\` only works within a Git repository.",
  "💥 Initialising Betterer (0ms): 3 tasks done! 1 task errored!
✅ Create test file: done!
・ created "fixtures/init-automerge/.betterer.ts"!
✅ Update package.json: done!
・ "betterer" script already exists, moving on...
・ "@betterer/cli" dependency already exists, moving on...
・ "typescript" dependency already exists, moving on...
🔥 Enable automerge: ".git" directory not found in "/". \`--automerge\` only works within a Git repository.

Error: ".git" directory not found in "/". \`--automerge\` only works within a Git repository.",
]
`;
